I'm sorry, but errors were detected in your script. Please correct the
errors listed below, and try again.


File "game/script.rpy", line 751: expected ':' not found.
    label final
               ^

Ren'Py Version: Ren'Py 8.0.3.22090809
Wed May 17 15:47:11 2023
